[dotenv@17.2.3] injecting env (7) from .env.local -- tip: ⚙️  enable debug logging with { debug: true }

Running 2 tests using 2 workers

[1A[2K[dotenv@17.2.3] injecting env (0) from .env.local -- tip: ✅ audit secrets and track compliance: https://dotenvx.com/ops

[1A[2K[1/2] [chromium] › tests/e2e/admin-verification.spec.ts:171:9 › Admin Verification Flow › Admin shows persistent results for pre-verified users
[1A[2K[dotenv@17.2.3] injecting env (0) from .env.local -- tip: ⚙️  override existing env vars with { override: true }

[1A[2K[2/2] [chromium] › tests/e2e/admin-verification.spec.ts:11:9 › Admin Verification Flow › Admin can view verification queue and load selfie image
[1A[2K  1) [chromium] › tests/e2e/admin-verification.spec.ts:171:9 › Admin Verification Flow › Admin shows persistent results for pre-verified users 

    [31mTest timeout of 30000ms exceeded.[39m

    Error: page.goto: Test timeout of 30000ms exceeded.
    Call log:
    [2m  - navigating to "http://localhost:3000/login", waiting until "load"[22m


      207 |
      208 |         // Login Mock
    > 209 |         await page.goto('/login');
          |                    ^
      210 |         await page.evaluate(() => {
      211 |             const session = {
      212 |                 access_token: 'fake_token',
        at /Users/olutobi/.gemini/antigravity/playground/nomad-pinwheel/tests/e2e/admin-verification.spec.ts:209:20

    attachment #1: video (video/webm) ──────────────────────────────────────────────────────────────
    test-results/admin-verification-Admin-V-c7e1f-ults-for-pre-verified-users-chromium/video.webm
    ────────────────────────────────────────────────────────────────────────────────────────────────

    Error Context: test-results/admin-verification-Admin-V-c7e1f-ults-for-pre-verified-users-chromium/error-context.md


[1A[2K  2) [chromium] › tests/e2e/admin-verification.spec.ts:11:9 › Admin Verification Flow › Admin can view verification queue and load selfie image 

    [31mTest timeout of 30000ms exceeded.[39m

    Error: page.goto: Test timeout of 30000ms exceeded.
    Call log:
    [2m  - navigating to "http://localhost:3000/login", waiting until "load"[22m


      92 |
      93 |         // 3. Navigate (Inject Session First)
    > 94 |         await page.goto('http://localhost:3000/login'); // Go to a page first to set storage
         |                    ^
      95 |         await page.evaluate(() => {
      96 |             const fakeSession = {
      97 |                 access_token: 'admin-token',
        at /Users/olutobi/.gemini/antigravity/playground/nomad-pinwheel/tests/e2e/admin-verification.spec.ts:94:20

    attachment #1: video (video/webm) ──────────────────────────────────────────────────────────────
    test-results/admin-verification-Admin-V-3f32e-queue-and-load-selfie-image-chromium/video.webm
    ────────────────────────────────────────────────────────────────────────────────────────────────

    Error Context: test-results/admin-verification-Admin-V-3f32e-queue-and-load-selfie-image-chromium/error-context.md


[1A[2K  2 failed
    [chromium] › tests/e2e/admin-verification.spec.ts:11:9 › Admin Verification Flow › Admin can view verification queue and load selfie image 
    [chromium] › tests/e2e/admin-verification.spec.ts:171:9 › Admin Verification Flow › Admin shows persistent results for pre-verified users 

[36m  Serving HTML report at http://localhost:57728. Press Ctrl+C to quit.[39m
