[dotenv@17.2.3] injecting env (7) from .env.local -- tip: 🔐 encrypt with Dotenvx: https://dotenvx.com

Running 1 test using 1 worker

[1A[2K[dotenv@17.2.3] injecting env (0) from .env.local -- tip: 🔐 prevent committing .env to code: https://dotenvx.com/precommit

[1A[2K[1/1] [chromium] › tests/e2e/concurrency-flow.spec.ts:70:5 › Full Concurrency Flow
[1A[2K  1) [chromium] › tests/e2e/concurrency-flow.spec.ts:70:5 › Full Concurrency Flow ──────────────────

    {
      code: '23502',
      details: 'Failing row contains (fab780d0-a702-4692-be26-6925fee1cd7e, 88f37bbb-867a-4b04-9982-fa839b40c619, 5000, 12, null, pending, 2026-01-21 04:50:08.979417+00, {"id_url": "http://initial-id.jpg", "selfie_url": "http://initia..., null, null, null, null).',
      hint: null,
      message: 'null value in column "monthly_payment" of relation "loans" violates not-null constraint'
    }

    attachment #1: screenshot (image/png) ──────────────────────────────────────────────────────────
    test-results/concurrency-flow-Full-Concurrency-Flow-chromium/test-failed-1.png
    ────────────────────────────────────────────────────────────────────────────────────────────────

    attachment #2: video (video/webm) ──────────────────────────────────────────────────────────────
    test-results/concurrency-flow-Full-Concurrency-Flow-chromium/video.webm
    ────────────────────────────────────────────────────────────────────────────────────────────────


[1A[2K  1 failed
    [chromium] › tests/e2e/concurrency-flow.spec.ts:70:5 › Full Concurrency Flow ───────────────────

[36m  Serving HTML report at http://localhost:57266. Press Ctrl+C to quit.[39m
